False
False
False
True
False
False
False
True
False
False
False
True
False
False
False
False
30.0625
-15.534439499999998
-15.534439499999998
28.86384975316641
