1.262153383936 False
3.370368 True
-11.009868800000001 False
86.506112 True
3.370368 False
18.61 False
1694.2 False
5101.72 True
-11.009868800000001 False
1694.2 False
309232.04 False
872832.6000000001 True
86.506112 False
5101.72 False
872832.6000000001 False
2474598.44 False
