hhreinkj(q123)+jhhreinkj(q123)+jwerwerwerwerwerwerwerwerwerwerwerwerwerwerwer123
