(18, 51, 43, 66, -46, -32, -49, 33, -78, -21, 1, 17, -66, 51, 57, 31, 19, -56, 79, 42, 6, 85, 97, -91, -97, -72, -99, 77, 64, -72, -33, -12, 47, 1, 66, -98, -21, -79, 64, -99, 71, 40, 35, 39, 46, 77, -29, 4, 53, 12, -35, -99, 91, 15, 85, -21, -57, -5, 47, 59, -77, -78, -9, -73, 13, 61, -98, -33, -97, -81, 6, -70, 24, -54, 83, -41, 21, 48, 97, -54, 100, 96, -91, -55, -65, -98, -42, -72, 15, -12, -82, -42, -73, -79, -56, 19, -78, 47, -51, 10, -99, -32, -55, 39, 65, 82, 1, 48, 21, 46, -34, 75, 31, 75, 53, 85, -72, -74, 13, -85, -46, -8, 13, 75, -82, -57, -64, 35, 73, -54, 5, 86, -12, 82, 11)
