[789456793, 789456799, 789456803, 789456809, 789456869, 789456893, 789456911, 789456919, 789456923, 789456949, 789456953, 789456977]
