1234567890123456789*1234567890123456789=1524157875323883675019051998750190521 1234567890123456789*1234567890123456790=1524157875323883676253619888873647310 1234567890123456789*1234567890123456791=1524157875323883677488187778997104099 
1234567890123456790*1234567890123456789=1524157875323883676253619888873647310 1234567890123456790*1234567890123456790=1524157875323883677488187778997104100 1234567890123456790*1234567890123456791=1524157875323883678722755669120560890 
1234567890123456791*1234567890123456789=1524157875323883677488187778997104099 1234567890123456791*1234567890123456790=1524157875323883678722755669120560890 1234567890123456791*1234567890123456791=1524157875323883679957323559244017681 
