0
1
one clcl deleted
0
1
one clcl deleted
1
0
1
0
one clcl deleted
42
51
0
1
0
