3
2
123
1
1
123
444
1
None
13333
0
13333
YEAH
0
0
