__add__: (1,), {}
want to add 123 to 1
124
__str__: (), {}
<>chc<>
__add__: (3,), {}
__str__: (), {}
__str__: (), {}
__str__: (), {}
<>chc<><>chc<><>chc<>
