__init__: (1,), {}
__init__: (2,), {'aa': 4}
__init__: (1,), {}
__init__: (), {'a': 3.0, 'aa': 10.0}
check_eq: (), {}
__eq__: ((3+10j),), {}
3 10.0 1 3.0
False
check_eq: (), {}
__eq__: ((3+10j),), {}
4 10.0 2 3.0
False
check_eq: (), {}
__eq__: ((3+10j),), {}
3 10.0 1 3.0
False
check_eq: (), {}
__eq__: ((3+10j),), {}
10.0 10.0 3.0 3.0
True
__init__: (3,), {'aa': 1}
