[20, 80, 40, 10, 90, 50, 0, 30, 60, 70, 49, 99, 51, 1, 98, 48, 2, 52, 97, 3, 47, 53, 96, 46, 4, 54, 61, 39, 11, 89, 18, 32, 82, 68, 5, 25, 55, 85, 65, 75, 15, 45, 35, 95, 77, 27, 73, 23, 44, 6, 56, 94, 29, 79, 21, 71, 62, 12, 38, 88, 7, 43, 93, 57, 34, 16, 84, 66, 31, 81, 69, 19, 58, 42, 8, 92, 87, 37, 13, 63, 26, 24, 74, 76, 91, 9, 41, 59, 78, 22, 28, 72, 33, 67, 17, 83, 36, 86, 64, 14]
