[-100000000000000000000000000000000000000000000000000000, 0.1, 0.11, 0.5, True, 100, 101, 102, 103, 104, 105, 106, 107, 108, 109, 1000000000000000000000000000000000000000000000]
