[<class 'KeyboardInterrupt'>, Ellipsis, Ellipsis, <class 'int'>, <class 'int'>, 0.3, 0.3, '123', '123', '2.11', '2.11']
