######################################################
#....................................................#
#....................................................#
#....................................................#
#....................................................#
#....................................................#
#....................................................#
#....................................................#
#....................................................#
#....................................................#
#....................................................#
#....................................................#
#....................................................#
#....................................................#
#....................................................#
#....................................................#
#....................................................#
#....................................................#
#....................................................#
#....................................................#
#....................................................#
#....................................................#
#....................................................#
#....................................................#
#....................................................#
#....................................................#
#....................................................#
#....................................................#
#....................................................#
#....................................................#
#....................................................#
#....................................................#
#....................................................#
#....................................................#
#....................................................#
#....................................................#
#....................................................#
#....................................................#
#....................................................#
#....................................................#
#....................................................#
#....................................................#
#....................................................#
#....................................................#
#....................................................#
#....................................................#
#....................................................#
#....................................................#
#....................................................#
#....................................................#
#....................................................#
#....................................................#
#....................................................#
#....................................................#
#....................................................#
#....................................................#
#....................................................#
#....................................................#
#~~~~~~~~~~~~~~~~~~~~~~~~~~~~~~~~~~~~~~~~~~~~~~~~~~~~#
#~~~~~~~~~~~~~~~~~~~~~~~~~~~~~~~~~~~~~~~~~~~~~~~~~~~~#
#~~~~~~~~~~~~~~~~~~~~~~~~~~~~~~~~~~~~~~~~~~~~~~~~~~~~#
#~~~~~~~~~~~~~~~~~~~~~~~~~~~~~~~~~~~~~~~~~~~~~~~~~~~~#
#~~~~~~~~~~~~~~~~~~~~~~~~~~~~~~~~~~~~~~~~~~~~~~~~~~~~#
#~~~~~~~~~~~~~~~~~~~~~~~~~~~~~~~~~~~~~~~~~~~~~~~~~~~~#
#~~~~~~~~~~~~~~~~~~~~~~~~~~~~~~~~~~~~~~~~~~~~~~~~~~~~#
#~~~~~~~~~~~~~~~~~~~~~~~~~~~~~~~~~~~~~~~~~~~~~~~~~~~~#
######################################################
.................... 2990/3380
~~~                   390/3380
