[-465132154647896, -333, -52, -9, -8, -2, 3, 4, 9, 10, 489465, 500000000000000000000000000000000000000000000000000000000000000000000000000000]
