222222222222222222222222222222222
qwe_function
3:5
