2
4
123123
[2, 2]
123123
2+3+4+5=14
1777777777777777777777777777777777777777777777777777777777777777777777777777777776






0+-1+1.2+4444445=4444445.2


mm_yes_not_empty_anymore
functions:5
strings:32
