|/-\|/-\|/->lollollollol<-
None
|/-\|/->lollollollol<-
None
|/->lollollollol<-
None
|/-\|/->lollollollol<-
None
26_strings
