[-986, -943, -885, -858, -828, -773, -770, -748, -715, -626, -620, -578, -552, -520, -519, -508, -496, -494, -467, -466, -459, -444, -442, -300, -212, -154, -104, -88, -85, -68, -66, -32, -7, 56, 60, 80, 119, 121, 130, 131, 134, 163, 165, 324, 413, 418, 443, 445, 447, 458, 479, 489, 513, 600, 622, 630, 634, 656, 674, 738, 801, 829, 944, 971, 976]
