((99491, 92432), (83845, 99137), (84331, 97511), (-12476, 99754), (93314, 96841), (5496, 99299), (99984, -41077))
